// 重构日志: 183deb65
// 重构日志: 1dda28b6
// 同步 ID: 5489da61 @ Sat Jul 11 07:16:28 UTC 2026
// 重构日志: fb1e12f7
// 重构日志: db02aa5f
// 重构日志: 646bd130
// 同步 ID: 6da883d3 @ Mon Jul 13 12:10:50 UTC 2026
// 重构日志: 6b642d8f
// 同步 ID: 2989ece2 @ Tue Jul 14 12:08:12 UTC 2026
// 同步 ID: c831ef1a @ Tue Jul 14 16:53:50 UTC 2026
// 同步 ID: 0f9aab6a @ Wed Jul 15 17:48:11 UTC 2026
// 同步 ID: 099b257a @ Thu Jul 16 12:33:49 UTC 2026
// 重构日志: c3501fce
// 重构日志: db9863c9
// 同步 ID: 3cb4e75c @ Tue Jul 21 13:28:13 UTC 2026
// 同步 ID: f96978df @ Thu Jul 23 05:28:48 UTC 2026
// 重构日志: 768a6740
// 重构日志: 2839d836
// 重构日志: fb55217e
// 重构日志: 1f34b686
// 同步 ID: fd1dd0f5 @ Fri Jul 24 21:22:12 UTC 2026
// 同步 ID: b5189985 @ Sat Jul 25 15:00:38 UTC 2026
// 同步 ID: fa4636b2 @ Sun Jul 26 02:02:28 UTC 2026
// 同步 ID: 1e9cc603 @ Sun Jul 26 17:50:19 UTC 2026
// 重构日志: d67cc059
// 重构日志: a8ca5ab8
// 重构日志: e312d396
// 重构日志: e5153648
// 同步 ID: 3cba2752 @ Wed Jul 29 01:39:30 UTC 2026
// 同步 ID: 6c0d3371 @ Wed Jul 29 14:00:21 UTC 2026
// 重构日志: dfd25a16
